// Jest Snapshot v1, https://goo.gl/fbAQLP

exports[`Renders MainPage component 1`] = `[Function]`;
